features/auth/auth.service.ts(15,16): error TS2769: No overload matches this call.
  Overload 1 of 5, '(payload: string | object | Buffer<ArrayBufferLike>, secretOrPrivateKey: null, options?: (SignOptions & { algorithm: "none"; }) | undefined): string', gave the following error.
    Argument of type 'Secret' is not assignable to parameter of type 'null'.
      Type 'string' is not assignable to type 'null'.
  Overload 2 of 5, '(payload: string | object | Buffer<ArrayBufferLike>, secretOrPrivateKey: Buffer<ArrayBufferLike> | Secret | PrivateKeyInput | JsonWebKeyInput, options?: SignOptions | undefined): string', gave the following error.
    Type 'string' is not assignable to type 'number | StringValue | undefined'.
  Overload 3 of 5, '(payload: string | object | Buffer<ArrayBufferLike>, secretOrPrivateKey: Buffer<ArrayBufferLike> | Secret | PrivateKeyInput | JsonWebKeyInput, callback: SignCallback): void', gave the following error.
    Object literal may only specify known properties, and 'expiresIn' does not exist in type 'SignCallback'.
models/User.ts(53,5): error TS2322: Type 'Promise<string> & void' is not assignable to type 'string | null | undefined'.
models/User.ts(53,39): error TS2769: No overload matches this call.
  Overload 1 of 2, '(password: string, salt: string | number): Promise<string>', gave the following error.
    Argument of type 'string | null | undefined' is not assignable to parameter of type 'string'.
      Type 'undefined' is not assignable to type 'string'.
  Overload 2 of 2, '(password: string, salt: string | number, callback?: Callback<string> | undefined, progressCallback?: ProgressCallback | undefined): void', gave the following error.
    Argument of type 'string | null | undefined' is not assignable to parameter of type 'string'.
      Type 'undefined' is not assignable to type 'string'.
